---
source: crates/parser2/tests/syntax_node.rs
expression: node
input_file: crates/parser2/test_files/syntax_node/items/enums.fe
---
Root@0..348
  ItemList@0..348
    Item@0..15
      Enum@0..13
        EnumKw@0..4 "enum"
        WhiteSpace@4..5 " "
        Ident@5..10 "Empty"
        WhiteSpace@10..11 " "
        VariantDefList@11..13
          LBrace@11..12 "{"
          RBrace@12..13 "}"
      Newline@13..15 "\n\n"
    Item@15..58
      Enum@15..56
        EnumKw@15..19 "enum"
        WhiteSpace@19..20 " "
        Ident@20..25 "Basic"
        WhiteSpace@25..26 " "
        VariantDefList@26..56
          LBrace@26..27 "{"
          Newline@27..28 "\n"
          WhiteSpace@28..32 "    "
          VariantDef@32..36
            Ident@32..36 "Unit"
          Newline@36..37 "\n"
          WhiteSpace@37..41 "    "
          VariantDef@41..54
            Ident@41..44 "Tup"
            TupleType@44..54
              LParen@44..45 "("
              PathType@45..48
                Path@45..48
                  PathSegment@45..48
                    Ident@45..48 "i32"
              Comma@48..49 ","
              WhiteSpace@49..50 " "
              PathType@50..53
                Path@50..53
                  PathSegment@50..53
                    Ident@50..53 "u32"
              RParen@53..54 ")"
          Newline@54..55 "\n"
          RBrace@55..56 "}"
      Newline@56..58 "\n\n"
    Item@58..119
      Enum@58..117
        EnumKw@58..62 "enum"
        WhiteSpace@62..63 " "
        Ident@63..69 "Option"
        GenericParamList@69..72
          Lt@69..70 "<"
          TypeGenericParam@70..71
            Ident@70..71 "T"
          Gt@71..72 ">"
        WhiteSpace@72..73 " "
        Newline@73..74 "\n"
        WhiteSpace@74..78 "    "
        WhereClause@78..93
          WhereKw@78..83 "where"
          WhiteSpace@83..84 " "
          WherePredicate@84..93
            PathType@84..85
              Path@84..85
                PathSegment@84..85
                  Ident@84..85 "T"
            TypeBoundList@85..92
              Colon@85..86 ":"
              WhiteSpace@86..87 " "
              TypeBound@87..92
                TraitBound@87..92
                  Path@87..92
                    PathSegment@87..92
                      Ident@87..92 "Clone"
            Newline@92..93 "\n"
        VariantDefList@93..117
          LBrace@93..94 "{"
          Newline@94..95 "\n"
          WhiteSpace@95..99 "    "
          VariantDef@99..106
            Ident@99..103 "Some"
            TupleType@103..106
              LParen@103..104 "("
              PathType@104..105
                Path@104..105
                  PathSegment@104..105
                    Ident@104..105 "T"
              RParen@105..106 ")"
          Newline@106..107 "\n"
          WhiteSpace@107..111 "    "
          VariantDef@111..115
            Ident@111..115 "None"
          Newline@115..116 "\n"
          RBrace@116..117 "}"
      Newline@117..119 "\n\n"
    Item@119..222
      Enum@119..220
        EnumKw@119..123 "enum"
        WhiteSpace@123..124 " "
        Ident@124..133 "BoundEnum"
        GenericParamList@133..162
          Lt@133..134 "<"
          TypeGenericParam@134..146
            Ident@134..135 "T"
            TypeBoundList@135..146
              Colon@135..136 ":"
              WhiteSpace@136..137 " "
              TypeBound@137..140
                TraitBound@137..140
                  Path@137..140
                    PathSegment@137..140
                      Ident@137..140 "Add"
              WhiteSpace@140..141 " "
              Plus@141..142 "+"
              WhiteSpace@142..143 " "
              TypeBound@143..146
                TraitBound@143..146
                  Path@143..146
                    PathSegment@143..146
                      Ident@143..146 "Mul"
          WhiteSpace@146..147 " "
          Comma@147..148 ","
          WhiteSpace@148..149 " "
          TypeGenericParam@149..161
            Ident@149..150 "U"
            TypeBoundList@150..161
              Colon@150..151 ":"
              WhiteSpace@151..152 " "
              TypeBound@152..155
                TraitBound@152..155
                  Path@152..155
                    PathSegment@152..155
                      Ident@152..155 "Sub"
              WhiteSpace@155..156 " "
              Plus@156..157 "+"
              WhiteSpace@157..158 " "
              TypeBound@158..161
                TraitBound@158..161
                  Path@158..161
                    PathSegment@158..161
                      Ident@158..161 "Div"
          Gt@161..162 ">"
        WhiteSpace@162..163 " "
        Newline@163..164 "\n"
        WhereClause@164..189
          WhereKw@164..169 "where"
          WhiteSpace@169..170 " "
          WherePredicate@170..189
            PathType@170..181
              Path@170..178
                PathSegment@170..173
                  Ident@170..173 "Foo"
                Colon2@173..175 "::"
                PathSegment@175..178
                  Ident@175..178 "Bar"
              GenericArgList@178..181
                Lt@178..179 "<"
                TypeGenericArg@179..180
                  PathType@179..180
                    Path@179..180
                      PathSegment@179..180
                        Ident@179..180 "T"
                Gt@180..181 ">"
            TypeBoundList@181..188
              Colon@181..182 ":"
              WhiteSpace@182..183 " "
              TypeBound@183..188
                TraitBound@183..188
                  Path@183..188
                    PathSegment@183..188
                      Ident@183..188 "Trait"
            Newline@188..189 "\n"
        VariantDefList@189..220
          LBrace@189..190 "{"
          Newline@190..191 "\n"
          WhiteSpace@191..195 "    "
          VariantDef@195..204
            Ident@195..201 "AddMul"
            TupleType@201..204
              LParen@201..202 "("
              PathType@202..203
                Path@202..203
                  PathSegment@202..203
                    Ident@202..203 "T"
              RParen@203..204 ")"
          Newline@204..205 "\n"
          WhiteSpace@205..209 "    "
          VariantDef@209..218
            Ident@209..215 "SubDiv"
            TupleType@215..218
              LParen@215..216 "("
              PathType@216..217
                Path@216..217
                  PathSegment@216..217
                    Ident@216..217 "U"
              RParen@217..218 ")"
          Newline@218..219 "\n"
          RBrace@219..220 "}"
      Newline@220..222 "\n\n"
    Item@222..348
      Enum@222..347
        EnumKw@222..226 "enum"
        WhiteSpace@226..227 " "
        Ident@227..234 "HKTEnum"
        GenericParamList@234..254
          Lt@234..235 "<"
          TypeGenericParam@235..244
            Ident@235..236 "T"
            TypeBoundList@236..244
              Colon@236..237 ":"
              WhiteSpace@237..238 " "
              TypeBound@238..244
                KindBoundAbs@238..244
                  KindBoundMono@238..239
                    Star@238..239 "*"
                  WhiteSpace@239..240 " "
                  Arrow@240..242 "->"
                  WhiteSpace@242..243 " "
                  KindBoundMono@243..244
                    Star@243..244 "*"
          Comma@244..245 ","
          WhiteSpace@245..246 " "
          TypeGenericParam@246..247
            Ident@246..247 "U"
          Comma@247..248 ","
          WhiteSpace@248..249 " "
          TypeGenericParam@249..250
            Ident@249..250 "V"
          Comma@250..251 ","
          WhiteSpace@251..252 " "
          TypeGenericParam@252..253
            Ident@252..253 "W"
          Gt@253..254 ">"
        Newline@254..255 "\n"
        WhereClause@255..330
          WhereKw@255..260 "where"
          WhiteSpace@260..261 " "
          Newline@261..262 "\n"
          WhiteSpace@262..265 "   "
          WherePredicate@265..282
            PathType@265..266
              Path@265..266
                PathSegment@265..266
                  Ident@265..266 "U"
            TypeBoundList@266..281
              Colon@266..267 ":"
              WhiteSpace@267..268 " "
              TypeBound@268..281
                KindBoundAbs@268..281
                  LParen@268..269 "("
                  KindBoundAbs@269..275
                    KindBoundMono@269..270
                      Star@269..270 "*"
                    WhiteSpace@270..271 " "
                    Arrow@271..273 "->"
                    WhiteSpace@273..274 " "
                    KindBoundMono@274..275
                      Star@274..275 "*"
                  RParen@275..276 ")"
                  WhiteSpace@276..277 " "
                  Arrow@277..279 "->"
                  WhiteSpace@279..280 " "
                  KindBoundMono@280..281
                    Star@280..281 "*"
            Newline@281..282 "\n"
          WhiteSpace@282..285 "   "
          WherePredicate@285..307
            PathType@285..286
              Path@285..286
                PathSegment@285..286
                  Ident@285..286 "V"
            TypeBoundList@286..306
              Colon@286..287 ":"
              WhiteSpace@287..288 " "
              TypeBound@288..306
                KindBoundAbs@288..306
                  KindBoundMono@288..289
                    Star@288..289 "*"
                  WhiteSpace@289..290 " "
                  Arrow@290..292 "->"
                  KindBoundAbs@292..306
                    WhiteSpace@292..293 " "
                    KindBoundMono@293..294
                      Star@293..294 "*"
                    WhiteSpace@294..295 " "
                    Arrow@295..297 "->"
                    WhiteSpace@297..298 " "
                    LParen@298..299 "("
                    KindBoundAbs@299..305
                      KindBoundMono@299..300
                        Star@299..300 "*"
                      WhiteSpace@300..301 " "
                      Arrow@301..303 "->"
                      WhiteSpace@303..304 " "
                      KindBoundMono@304..305
                        Star@304..305 "*"
                    RParen@305..306 ")"
            Newline@306..307 "\n"
          WhiteSpace@307..310 "   "
          WherePredicate@310..330
            PathType@310..311
              Path@310..311
                PathSegment@310..311
                  Ident@310..311 "W"
            TypeBoundList@311..329
              Colon@311..312 ":"
              WhiteSpace@312..313 " "
              TypeBound@313..329
                KindBoundAbs@313..329
                  KindBoundMono@313..314
                    Star@313..314 "*"
                  WhiteSpace@314..315 " "
                  Arrow@315..317 "->"
                  KindBoundAbs@317..329
                    WhiteSpace@317..318 " "
                    KindBoundMono@318..319
                      Star@318..319 "*"
                    WhiteSpace@319..320 " "
                    Arrow@320..322 "->"
                    KindBoundAbs@322..329
                      WhiteSpace@322..323 " "
                      KindBoundMono@323..324
                        Star@323..324 "*"
                      WhiteSpace@324..325 " "
                      Arrow@325..327 "->"
                      WhiteSpace@327..328 " "
                      KindBoundMono@328..329
                        Star@328..329 "*"
            Newline@329..330 "\n"
        VariantDefList@330..347
          LBrace@330..331 "{"
          Newline@331..332 "\n"
          WhiteSpace@332..336 "    "
          VariantDef@336..345
            Ident@336..339 "Foo"
            TupleType@339..345
              LParen@339..340 "("
              PathType@340..344
                Path@340..341
                  PathSegment@340..341
                    Ident@340..341 "U"
                GenericArgList@341..344
                  Lt@341..342 "<"
                  TypeGenericArg@342..343
                    PathType@342..343
                      Path@342..343
                        PathSegment@342..343
                          Ident@342..343 "T"
                  Gt@343..344 ">"
              RParen@344..345 ")"
          Newline@345..346 "\n"
          RBrace@346..347 "}"
      Newline@347..348 "\n"

