---
source: crates/parser/tests/cases/parse_ast.rs
expression: "ast_string(stringify!(function_attributes), try_parse_module,\n    r#\"\n#attr1\npub fn gas_cost() -> u256 {}\n\nstruct MyS {\n    value: u256\n        \n    #attr2\n    pub fn foo(self) -> u256 {\n        return self.value\n    }\n}\n\ncontract Foo {\n    #attr3\n    fn transfer(ctx: Context, to: address, value: u256) {\n        ctx.emit(Transfer(sender: msg.sender, receiver: to, value))\n    }\n}\n\"#)"
---
Node(
  kind: Module(
    body: [
      Function(Node(
        kind: Function(
          sig: Node(
            kind: FunctionSignature(
              attributes: [
                Node(
                  kind: "attr1",
                  span: Span(
                    start: 1,
                    end: 7,
                  ),
                ),
              ],
              pub_: Some(Span(
                start: 8,
                end: 11,
              )),
              unsafe_: None,
              name: Node(
                kind: "gas_cost",
                span: Span(
                  start: 15,
                  end: 23,
                ),
              ),
              generic_params: Node(
                kind: [],
                span: Span(
                  start: 15,
                  end: 23,
                ),
              ),
              args: [],
              return_type: Some(Node(
                kind: Base(
                  base: "u256",
                ),
                span: Span(
                  start: 29,
                  end: 33,
                ),
              )),
            ),
            span: Span(
              start: 8,
              end: 33,
            ),
          ),
          body: [],
        ),
        span: Span(
          start: 8,
          end: 36,
        ),
      )),
      Struct(Node(
        kind: Struct(
          name: Node(
            kind: "MyS",
            span: Span(
              start: 45,
              end: 48,
            ),
          ),
          fields: [
            Node(
              kind: Field(
                is_pub: false,
                is_const: false,
                attributes: [],
                name: Node(
                  kind: "value",
                  span: Span(
                    start: 55,
                    end: 60,
                  ),
                ),
                typ: Node(
                  kind: Base(
                    base: "u256",
                  ),
                  span: Span(
                    start: 62,
                    end: 66,
                  ),
                ),
                value: None,
              ),
              span: Span(
                start: 55,
                end: 66,
              ),
            ),
          ],
          functions: [
            Node(
              kind: Function(
                sig: Node(
                  kind: FunctionSignature(
                    attributes: [
                      Node(
                        kind: "attr2",
                        span: Span(
                          start: 80,
                          end: 86,
                        ),
                      ),
                    ],
                    pub_: Some(Span(
                      start: 91,
                      end: 94,
                    )),
                    unsafe_: None,
                    name: Node(
                      kind: "foo",
                      span: Span(
                        start: 98,
                        end: 101,
                      ),
                    ),
                    generic_params: Node(
                      kind: [],
                      span: Span(
                        start: 98,
                        end: 101,
                      ),
                    ),
                    args: [
                      Node(
                        kind: Self_(
                          mut_: None,
                        ),
                        span: Span(
                          start: 102,
                          end: 106,
                        ),
                      ),
                    ],
                    return_type: Some(Node(
                      kind: Base(
                        base: "u256",
                      ),
                      span: Span(
                        start: 111,
                        end: 115,
                      ),
                    )),
                  ),
                  span: Span(
                    start: 91,
                    end: 115,
                  ),
                ),
                body: [
                  Node(
                    kind: Return(
                      value: Some(Node(
                        kind: Attribute(
                          value: Node(
                            kind: Name("self"),
                            span: Span(
                              start: 133,
                              end: 137,
                            ),
                          ),
                          attr: Node(
                            kind: "value",
                            span: Span(
                              start: 138,
                              end: 143,
                            ),
                          ),
                        ),
                        span: Span(
                          start: 133,
                          end: 143,
                        ),
                      )),
                    ),
                    span: Span(
                      start: 126,
                      end: 143,
                    ),
                  ),
                ],
              ),
              span: Span(
                start: 91,
                end: 149,
              ),
            ),
          ],
          pub_qual: None,
        ),
        span: Span(
          start: 38,
          end: 151,
        ),
      )),
      Contract(Node(
        kind: Contract(
          name: Node(
            kind: "Foo",
            span: Span(
              start: 162,
              end: 165,
            ),
          ),
          fields: [],
          body: [
            Function(Node(
              kind: Function(
                sig: Node(
                  kind: FunctionSignature(
                    attributes: [
                      Node(
                        kind: "attr3",
                        span: Span(
                          start: 172,
                          end: 178,
                        ),
                      ),
                    ],
                    pub_: None,
                    unsafe_: None,
                    name: Node(
                      kind: "transfer",
                      span: Span(
                        start: 186,
                        end: 194,
                      ),
                    ),
                    generic_params: Node(
                      kind: [],
                      span: Span(
                        start: 186,
                        end: 194,
                      ),
                    ),
                    args: [
                      Node(
                        kind: Regular(
                          mut_: None,
                          label: None,
                          name: Node(
                            kind: "ctx",
                            span: Span(
                              start: 195,
                              end: 198,
                            ),
                          ),
                          typ: Node(
                            kind: Base(
                              base: "Context",
                            ),
                            span: Span(
                              start: 200,
                              end: 207,
                            ),
                          ),
                        ),
                        span: Span(
                          start: 195,
                          end: 207,
                        ),
                      ),
                      Node(
                        kind: Regular(
                          mut_: None,
                          label: None,
                          name: Node(
                            kind: "to",
                            span: Span(
                              start: 209,
                              end: 211,
                            ),
                          ),
                          typ: Node(
                            kind: Base(
                              base: "address",
                            ),
                            span: Span(
                              start: 213,
                              end: 220,
                            ),
                          ),
                        ),
                        span: Span(
                          start: 209,
                          end: 220,
                        ),
                      ),
                      Node(
                        kind: Regular(
                          mut_: None,
                          label: None,
                          name: Node(
                            kind: "value",
                            span: Span(
                              start: 222,
                              end: 227,
                            ),
                          ),
                          typ: Node(
                            kind: Base(
                              base: "u256",
                            ),
                            span: Span(
                              start: 229,
                              end: 233,
                            ),
                          ),
                        ),
                        span: Span(
                          start: 222,
                          end: 233,
                        ),
                      ),
                    ],
                    return_type: None,
                  ),
                  span: Span(
                    start: 183,
                    end: 234,
                  ),
                ),
                body: [
                  Node(
                    kind: Expr(
                      value: Node(
                        kind: Call(
                          func: Node(
                            kind: Attribute(
                              value: Node(
                                kind: Name("ctx"),
                                span: Span(
                                  start: 245,
                                  end: 248,
                                ),
                              ),
                              attr: Node(
                                kind: "emit",
                                span: Span(
                                  start: 249,
                                  end: 253,
                                ),
                              ),
                            ),
                            span: Span(
                              start: 245,
                              end: 253,
                            ),
                          ),
                          generic_args: None,
                          args: Node(
                            kind: [
                              Node(
                                kind: CallArg(
                                  label: None,
                                  value: Node(
                                    kind: Call(
                                      func: Node(
                                        kind: Name("Transfer"),
                                        span: Span(
                                          start: 254,
                                          end: 262,
                                        ),
                                      ),
                                      generic_args: None,
                                      args: Node(
                                        kind: [
                                          Node(
                                            kind: CallArg(
                                              label: Some(Node(
                                                kind: "sender",
                                                span: Span(
                                                  start: 263,
                                                  end: 269,
                                                ),
                                              )),
                                              value: Node(
                                                kind: Attribute(
                                                  value: Node(
                                                    kind: Name("msg"),
                                                    span: Span(
                                                      start: 271,
                                                      end: 274,
                                                    ),
                                                  ),
                                                  attr: Node(
                                                    kind: "sender",
                                                    span: Span(
                                                      start: 275,
                                                      end: 281,
                                                    ),
                                                  ),
                                                ),
                                                span: Span(
                                                  start: 271,
                                                  end: 281,
                                                ),
                                              ),
                                            ),
                                            span: Span(
                                              start: 263,
                                              end: 281,
                                            ),
                                          ),
                                          Node(
                                            kind: CallArg(
                                              label: Some(Node(
                                                kind: "receiver",
                                                span: Span(
                                                  start: 283,
                                                  end: 291,
                                                ),
                                              )),
                                              value: Node(
                                                kind: Name("to"),
                                                span: Span(
                                                  start: 293,
                                                  end: 295,
                                                ),
                                              ),
                                            ),
                                            span: Span(
                                              start: 283,
                                              end: 295,
                                            ),
                                          ),
                                          Node(
                                            kind: CallArg(
                                              label: None,
                                              value: Node(
                                                kind: Name("value"),
                                                span: Span(
                                                  start: 297,
                                                  end: 302,
                                                ),
                                              ),
                                            ),
                                            span: Span(
                                              start: 297,
                                              end: 302,
                                            ),
                                          ),
                                        ],
                                        span: Span(
                                          start: 262,
                                          end: 303,
                                        ),
                                      ),
                                    ),
                                    span: Span(
                                      start: 254,
                                      end: 303,
                                    ),
                                  ),
                                ),
                                span: Span(
                                  start: 254,
                                  end: 303,
                                ),
                              ),
                            ],
                            span: Span(
                              start: 253,
                              end: 304,
                            ),
                          ),
                        ),
                        span: Span(
                          start: 245,
                          end: 304,
                        ),
                      ),
                    ),
                    span: Span(
                      start: 245,
                      end: 304,
                    ),
                  ),
                ],
              ),
              span: Span(
                start: 183,
                end: 310,
              ),
            )),
          ],
          pub_qual: None,
        ),
        span: Span(
          start: 153,
          end: 312,
        ),
      )),
    ],
  ),
  span: Span(
    start: 0,
    end: 312,
  ),
)
